#! /c/iverilog/bin/vvp
:ivl_version "0.9.7 " "(v0_9_7)";
:vpi_time_precision - 12;
:vpi_module "system";
:vpi_module "v2005_math";
:vpi_module "va_math";
S_011FD6E8 .scope module, "tb_binary_calculator" "tb_binary_calculator" 2 3;
 .timescale -9 -12;
v011F1790_0 .var "A", 7 0;
v011F17E8_0 .var "B", 7 0;
v011FEDF0_0 .net "RESULT", 8 0, v011F16E0_0; 1 drivers
v011FEE48_0 .var "SEL", 2 0;
S_011F4FE8 .scope module, "uut" "binary_cal" 2 9, 3 1, S_011FD6E8;
 .timescale 0 0;
v011F5070_0 .net "A", 7 0, v011F1790_0; 1 drivers
v011F50C8_0 .net "B", 7 0, v011F17E8_0; 1 drivers
v011F16E0_0 .var "RESULT", 8 0;
v011F1738_0 .net "SEL", 2 0, v011FEE48_0; 1 drivers
E_011FBE28 .event edge, v011F1738_0, v011F5070_0, v011F50C8_0;
    .scope S_011F4FE8;
T_0 ;
    %wait E_011FBE28;
    %load/v 8, v011F1738_0, 3;
    %cmpi/u 8, 0, 3;
    %jmp/1 T_0.0, 6;
    %cmpi/u 8, 1, 3;
    %jmp/1 T_0.1, 6;
    %cmpi/u 8, 2, 3;
    %jmp/1 T_0.2, 6;
    %cmpi/u 8, 3, 3;
    %jmp/1 T_0.3, 6;
    %cmpi/u 8, 4, 3;
    %jmp/1 T_0.4, 6;
    %cmpi/u 8, 5, 3;
    %jmp/1 T_0.5, 6;
    %cmpi/u 8, 6, 3;
    %jmp/1 T_0.6, 6;
    %cmpi/u 8, 7, 3;
    %jmp/1 T_0.7, 6;
    %set/v v011F16E0_0, 0, 9;
    %jmp T_0.9;
T_0.0 ;
    %load/v 8, v011F5070_0, 8;
    %mov 16, 0, 1;
    %load/v 17, v011F50C8_0, 8;
    %mov 25, 0, 1;
    %add 8, 17, 9;
    %set/v v011F16E0_0, 8, 9;
    %jmp T_0.9;
T_0.1 ;
    %load/v 8, v011F5070_0, 8;
    %mov 16, 0, 1;
    %load/v 17, v011F50C8_0, 8;
    %mov 25, 0, 1;
    %sub 8, 17, 9;
    %set/v v011F16E0_0, 8, 9;
    %jmp T_0.9;
T_0.2 ;
    %load/v 8, v011F5070_0, 8;
    %mov 16, 0, 1;
    %load/v 17, v011F50C8_0, 8;
    %mov 25, 0, 1;
    %and 8, 17, 9;
    %set/v v011F16E0_0, 8, 9;
    %jmp T_0.9;
T_0.3 ;
    %load/v 8, v011F5070_0, 8;
    %mov 16, 0, 1;
    %load/v 17, v011F50C8_0, 8;
    %mov 25, 0, 1;
    %or 8, 17, 9;
    %set/v v011F16E0_0, 8, 9;
    %jmp T_0.9;
T_0.4 ;
    %load/v 8, v011F5070_0, 8;
    %mov 16, 0, 1;
    %load/v 17, v011F50C8_0, 8;
    %mov 25, 0, 1;
    %xor 8, 17, 9;
    %set/v v011F16E0_0, 8, 9;
    %jmp T_0.9;
T_0.5 ;
    %load/v 17, v011F5070_0, 8;
    %inv 17, 8;
    %mov 8, 17, 8;
    %mov 16, 0, 1;
    %set/v v011F16E0_0, 8, 9;
    %jmp T_0.9;
T_0.6 ;
    %ix/load 0, 1, 0;
    %load/vp0 17, v011F5070_0, 8;
    %mov 8, 17, 8;
    %mov 16, 0, 1;
    %set/v v011F16E0_0, 8, 9;
    %jmp T_0.9;
T_0.7 ;
    %load/v 17, v011F5070_0, 8;
    %subi 17, 1, 8;
    %mov 8, 17, 8;
    %mov 16, 0, 1;
    %set/v v011F16E0_0, 8, 9;
    %jmp T_0.9;
T_0.9 ;
    %jmp T_0;
    .thread T_0, $push;
    .scope S_011FD6E8;
T_1 ;
    %vpi_call 2 18 "$dumpfile", "binary_calculator.vcd";
    %vpi_call 2 19 "$dumpvars", 1'sb0, S_011FD6E8;
    %vpi_call 2 22 "$display", "Time |  A         |  B         | SEL |  RESULT";
    %vpi_call 2 23 "$display", "----------------------------------------------------";
    %vpi_call 2 24 "$monitor", "%4t | %b | %b | %b | %b", $time, v011F1790_0, v011F17E8_0, v011FEE48_0, v011FEDF0_0;
    %movi 8, 5, 8;
    %set/v v011F1790_0, 8, 8;
    %movi 8, 3, 8;
    %set/v v011F17E8_0, 8, 8;
    %set/v v011FEE48_0, 0, 3;
    %delay 10000, 0;
    %movi 8, 1, 3;
    %set/v v011FEE48_0, 8, 3;
    %delay 10000, 0;
    %movi 8, 2, 3;
    %set/v v011FEE48_0, 8, 3;
    %delay 10000, 0;
    %movi 8, 3, 3;
    %set/v v011FEE48_0, 8, 3;
    %delay 10000, 0;
    %movi 8, 4, 3;
    %set/v v011FEE48_0, 8, 3;
    %delay 10000, 0;
    %movi 8, 5, 3;
    %set/v v011FEE48_0, 8, 3;
    %delay 10000, 0;
    %movi 8, 6, 3;
    %set/v v011FEE48_0, 8, 3;
    %delay 10000, 0;
    %set/v v011FEE48_0, 1, 3;
    %delay 10000, 0;
    %delay 5000, 0;
    %vpi_call 2 37 "$finish";
    %end;
    .thread T_1;
# The file index is used to find the file name in the following table.
:file_names 4;
    "N/A";
    "<interactive>";
    "eightbit_file_tb.v";
    "eightbit_file.v";
